// Jest Snapshot v1, https://goo.gl/fbAQLP

exports[`Header component should render Header component and match Snapshot 1`] = `
ShallowWrapper {
  "length": 1,
  Symbol(enzyme.__root__): [Circular],
  Symbol(enzyme.__unrendered__): <div
    style={
        Object {
            "backgroundColor": "#000080",
            "position": "fixed",
            "top": 0,
            "width": "100%",
            "zIndex": 100,
          }
    }
>
    <WithStyles(AppBar)
        position="static"
    >
        <WithStyles(Toolbar)>
            <WithStyles(Typography)
                color="inherit"
                variant="title"
            >
                <img
                    alt="logo"
                    height="40px"
                    src="./header-logo.png"
                    width="40px"
                />
            </WithStyles(Typography)>
        </WithStyles(Toolbar)>
    </WithStyles(AppBar)>
</div>,
  Symbol(enzyme.__renderer__): Object {
    "batchedUpdates": [Function],
    "getNode": [Function],
    "render": [Function],
    "simulateEvent": [Function],
    "unmount": [Function],
  },
  Symbol(enzyme.__node__): Object {
    "instance": null,
    "key": undefined,
    "nodeType": "host",
    "props": Object {
      "children": <WithStyles(AppBar)
        position="static"
>
        <WithStyles(Toolbar)>
                <WithStyles(Typography)
                        color="inherit"
                        variant="title"
                >
                        <img
                                alt="logo"
                                height="40px"
                                src="./header-logo.png"
                                width="40px"
                        />
                </WithStyles(Typography)>
        </WithStyles(Toolbar)>
</WithStyles(AppBar)>,
      "style": Object {
        "backgroundColor": "#000080",
        "position": "fixed",
        "top": 0,
        "width": "100%",
        "zIndex": 100,
      },
    },
    "ref": null,
    "rendered": Object {
      "instance": null,
      "key": undefined,
      "nodeType": "class",
      "props": Object {
        "children": <WithStyles(Toolbar)>
          <WithStyles(Typography)
                    color="inherit"
                    variant="title"
          >
                    <img
                              alt="logo"
                              height="40px"
                              src="./header-logo.png"
                              width="40px"
                    />
          </WithStyles(Typography)>
</WithStyles(Toolbar)>,
        "position": "static",
      },
      "ref": null,
      "rendered": Object {
        "instance": null,
        "key": undefined,
        "nodeType": "class",
        "props": Object {
          "children": <WithStyles(Typography)
            color="inherit"
            variant="title"
>
            <img
                        alt="logo"
                        height="40px"
                        src="./header-logo.png"
                        width="40px"
            />
</WithStyles(Typography)>,
        },
        "ref": null,
        "rendered": Object {
          "instance": null,
          "key": undefined,
          "nodeType": "class",
          "props": Object {
            "children": <img
              alt="logo"
              height="40px"
              src="./header-logo.png"
              width="40px"
/>,
            "color": "inherit",
            "variant": "title",
          },
          "ref": null,
          "rendered": Object {
            "instance": null,
            "key": undefined,
            "nodeType": "host",
            "props": Object {
              "alt": "logo",
              "height": "40px",
              "src": "./header-logo.png",
              "width": "40px",
            },
            "ref": null,
            "rendered": null,
            "type": "img",
          },
          "type": [Function],
        },
        "type": [Function],
      },
      "type": [Function],
    },
    "type": "div",
  },
  Symbol(enzyme.__nodes__): Array [
    Object {
      "instance": null,
      "key": undefined,
      "nodeType": "host",
      "props": Object {
        "children": <WithStyles(AppBar)
          position="static"
>
          <WithStyles(Toolbar)>
                    <WithStyles(Typography)
                              color="inherit"
                              variant="title"
                    >
                              <img
                                        alt="logo"
                                        height="40px"
                                        src="./header-logo.png"
                                        width="40px"
                              />
                    </WithStyles(Typography)>
          </WithStyles(Toolbar)>
</WithStyles(AppBar)>,
        "style": Object {
          "backgroundColor": "#000080",
          "position": "fixed",
          "top": 0,
          "width": "100%",
          "zIndex": 100,
        },
      },
      "ref": null,
      "rendered": Object {
        "instance": null,
        "key": undefined,
        "nodeType": "class",
        "props": Object {
          "children": <WithStyles(Toolbar)>
            <WithStyles(Typography)
                        color="inherit"
                        variant="title"
            >
                        <img
                                    alt="logo"
                                    height="40px"
                                    src="./header-logo.png"
                                    width="40px"
                        />
            </WithStyles(Typography)>
</WithStyles(Toolbar)>,
          "position": "static",
        },
        "ref": null,
        "rendered": Object {
          "instance": null,
          "key": undefined,
          "nodeType": "class",
          "props": Object {
            "children": <WithStyles(Typography)
              color="inherit"
              variant="title"
>
              <img
                            alt="logo"
                            height="40px"
                            src="./header-logo.png"
                            width="40px"
              />
</WithStyles(Typography)>,
          },
          "ref": null,
          "rendered": Object {
            "instance": null,
            "key": undefined,
            "nodeType": "class",
            "props": Object {
              "children": <img
                alt="logo"
                height="40px"
                src="./header-logo.png"
                width="40px"
/>,
              "color": "inherit",
              "variant": "title",
            },
            "ref": null,
            "rendered": Object {
              "instance": null,
              "key": undefined,
              "nodeType": "host",
              "props": Object {
                "alt": "logo",
                "height": "40px",
                "src": "./header-logo.png",
                "width": "40px",
              },
              "ref": null,
              "rendered": null,
              "type": "img",
            },
            "type": [Function],
          },
          "type": [Function],
        },
        "type": [Function],
      },
      "type": "div",
    },
  ],
  Symbol(enzyme.__options__): Object {
    "adapter": ReactSixteenAdapter {
      "options": Object {
        "enableComponentDidUpdateOnSetState": true,
      },
    },
  },
}
`;
